project(expected)

tetl_add_test(${PROJECT_NAME} unexpected)
